// Jest Snapshot v1, https://goo.gl/fbAQLP

exports[`Pruebas en <ClientApp /> debe mostrar una lista vacia de productos 1`] = `
<div>
  <Header />
  <BuscarProducto
    setProductos={[Function]}
  />
  <hr />
  <ol />
</div>
`;

exports[`Pruebas en <ClientApp /> debe mostrarse correctamente 1`] = `
<div>
  <Header />
  <BuscarProducto
    setProductos={[Function]}
  />
  <hr />
  <ol />
</div>
`;
